Renesas Optimizing Linker (V3.05.00 )             23-Nov-2025 00:28:11

*** Options ***

-MAKEUD=DefaultBuild\rl78EPL80.lk.ud
-subcommand=Output\rl78EPL80.clnk
-Input=Output\dMisc.obj
-Input=Output\cstart.obj
-Input=Output\hdwinit.obj
-Input=Output\stkinit.obj
-Input=Output\main.obj
-Input=Output\dDisplay.obj
-Input=Output\AppDisplay.obj
-Input=Output\AppVariables.obj
-Input=Output\dClock.obj
-Input=Output\AppPowerOnInit.obj
-Input=Output\d8bitTimer.obj
-Input=Output\dRtc.obj
-Input=Output\AppMisc.obj
-Input=Output\di2c.obj
-Input=Output\dIOCtrl.obj
-Input=Output\dUart.obj
-Input=Output\d12bitTimer.obj
-Input=Output\dDeltaSigmaADC.obj
-Input=Output\AppOneSecondTask.obj
-Input=Output\AppBilling.obj
-Input=Output\AppMD.obj
-Input=Output\AppScheduleAction.obj
-Input=Output\AppTod.obj
-Input=Output\AppBlockDailyLS.obj
-Input=Output\AppCalibration.obj
-Input=Output\AppCommunication.obj
-Input=Output\AppIntervalkWh.obj
-Input=Output\r_dlms_data.obj
-Input=Output\r_dlms_data_hls.obj
-Input=Output\r_dlms_data_ic.obj
-Input=Output\r_dlms_data_meter.obj
-Input=Output\r_dlms_user_interface.obj
-Input=Output\r_dlms_obis.obj
-Input=Output\r_dlms_obis_ic.obj
-Input=Output\serial.obj
-Input=Output\Timer.obj
-Input=Output\DLMS_User.obj
-Input=Output\AppTampers.obj
-Input=Output\AppBatteryManagement.obj
-Input=Output\dWatchDog.obj
-Input=Output\dVBat.obj
-Input=Output\dLVD.obj
-Input=Output\AppNMTask.obj
-Input=Output\AppProductionProcess.obj
-Input=Output\AppParaLimits.obj
-Input=Output\AppDefaultSet.obj
-Input=Output\BootResetVTable.obj
-Input=Output\dOsd.obj
-Input=Output\AppHarmonics.obj
-Input=Output\dDCImmunity.obj
-Input=Output\AppCustomerProtocol.obj
-Input=Output\AppUpdateComments.obj
-Input=Output\AppAccessProd.obj
-LIBrary=rlDlms\meter_app\aes\AES_128_EBC_CCRL.lib
-LIBrary=rlDlms\Lib\DLMSLib_RL78_V0.8.9_Common_IndiaSupport_CCRL_V106_AutoNoFar_OptimizeCode.lib
-LIBrary=rlDevice\DCImmunity\ccrl_rl78i1c_sw_dc_detection_only.lib
-SECURITY_ID=00000000000000000000
-DEVICE=C:\Program Files (x86)\Renesas Electronics\CS+\CC\Device\RL78\Devicefile\DR5F11TLG.DVF
-DEBug
-NOCOmpress
-NOOPtimize
-OUtput=DefaultBuild\rl78EPL80.abs
-LIBrary=C:\Program Files (x86)\Renesas Electronics\CS+\CC\CC-RL\V1.12.00\lib\rl78em4s.lib
-LIBrary=C:\Program Files (x86)\Renesas Electronics\CS+\CC\CC-RL\V1.12.00\lib\malloc_n.lib
-LIBrary=C:\Program Files (x86)\Renesas Electronics\CS+\CC\CC-RL\V1.12.00\lib\rl78em4r.lib
-OCDBG=84
-DEBUG_MONITOR
-USER_OPT_BYTE=FE5FE2
-LISt=DefaultBuild\rl78EPL80.map
-SHow=SYmbol,Reference,Xreference,Total_size,VECTOR,STRUCT,RELOCATION_ATTRIBUTE
-STARt=.const,.text,.RLIB,.SLIB,.textf,.constf,.data,.sdata/03000,.dataR,.bss/FDF00,.sdataR,.sbss/FFE20
-ROm=.data=.dataR
-ROm=.sdata=.sdataR
-NOMessage
-NOLOgo
-end

*** Error information ***

*** Mapping List ***

SECTION                            START      END         SIZE   ALIGN ATTRIBUTE
.vect
                                  00000000  0000007f        80   0     OTHER
.option_byte
                                  000000c0  000000c3         4   1     OPT_BYTE
.security_id
                                  000000c4  000000cd         a   1     SECUR_ID
.monitor1
                                  000000ce  000000d7         a   1     DATA_AT
DEFAULT_SET_AT400
                                  00000400  00000535       136   1     TEXT_AT
BOOT_VTABLE_AT1000
                                  00001000  00002fff      2000   1     TEXT_AT
.const
                                  00003000  000056cf      26d0   2     CONST
.text
                                  000056d0  00005fa0       8d1   1     TEXT
.RLIB
                                  00005fa1  00006997       9f7   1     TEXTF
.SLIB
                                  00006998  00007105       76e   1     TEXTF
.textf
                                  00007106  0001f6d9     185d4   1     TEXTF
.constf
                                  0001f6da  0001f719        40   2     CONSTF
.data
                                  0001f71a  0001fadf       3c6   2     DATA
.sdata
                                  0001fae0  0001fae0         0   2     SDATA
.monitor2
                                  0001fe00  0001ffff       200   1     DATA_AT
.dataR
                                  000fdf00  000fe2c5       3c6   2     DATA(R)
.bss
                                  000fe2c6  000ff313      104e   2     BSS
.sdataR
                                  000ffe20  000ffe20         0   2     SDATA(R)
.sbss
                                  000ffe20  000ffe20         0   2     SBSS

*** Total Section Size ***

RAMDATA SECTION:  00001414 Byte(s)
ROMDATA SECTION:  00002d6e Byte(s)
PROGRAM SECTION:  0001c140 Byte(s)

*** Symbol List ***

SECTION=
FILE=                               START        END    SIZE
  SYMBOL                            ADDR        SIZE    INFO      COUNTS  OPT
    STRUCT                                      SIZE
      MEMBER                        ADDR        SIZE    INFO

SECTION=.vect
FILE=rlink_generates_04
                                  00000000  0000007f        80

SECTION=.option_byte
FILE=rlink_generates_01
                                  000000c0  000000c3         4

SECTION=.security_id
FILE=rlink_generates_03
                                  000000c4  000000cd         a

SECTION=.monitor1
FILE=rlink_generates_02
                                  000000ce  000000d7         a

SECTION=DEFAULT_SET_AT400
FILE=Output\AppDefaultSet.obj
                                  00000400  00000535       136
  FLASH_FW_VERSION
                                  00000400         0   none ,l         0
  FLASH_NO_OF_CATEGORY
                                  00000410         0   none ,l         0
  FLASH_PRE_BILL_SINGLE_ACTION
                                  00000411         0   none ,l         0
  FLASH_PASSIVE_SEA_ACT_TIME
                                  00000417         0   none ,l         0
  FLASH_MD_PERIOD
                                  0000041d         0   none ,l         0
  FLASH_LS_PERIOD
                                  00000420         0   none ,l         0
  FLASH_PRE_BILL_DAY_TYPE
                                  00000423         0   none ,l         0
  FLASH_ACTIVE_CAL_NAME
                                  00000426         0   none ,l         0
  FLASH_ACTIVE_SEASON1_ZONE_TIME
                                  0000045d         0   none ,l         0
  FLASH_ACTIVE_SEASON2_ZONE_TIME
                                  00000477         0   none ,l         0
  FLASH_ACTIVE_SEASON_TIME
                                  00000491         0   none ,l         0
  FLASH_PASSIVE_CAL_NAME
                                  00000499         0   none ,l         0
  FLASH_PASSIVE_SEASON1_ZONE_TIME
                                  000004d0         0   none ,l         0
  FLASH_PASSIVE_SEASON2_ZONE_TIME
                                  000004ea         0   none ,l         0
  FLASH_PASSIVE_SEASON_TIME
                                  00000504         0   none ,l         0
  FLASH_IS_MEMORY_CLEARED
                                  0000050c         0   none ,l         0
  FLASH_DEFAULT_LLS_KEY
                                  00000511         0   none ,l         0
  FLASH_DEFAULT_HLS_KEY
                                  0000051a         0   none ,l         0
  FLASH_DEFAULT_KONO
                                  0000052b         0   none ,l         0

SECTION=BOOT_VTABLE_AT1000
FILE=Output\BootResetVTable.obj
                                  00001000  00002fff      2000

SECTION=.const
FILE=Output\AppDisplay.obj
                                  00003000  00003da5       da6
  _lcdParamIDBuff
                                  00003000       240   data ,g         2
  _txtmsg
                                  00003240       300   data ,g        11
  _disp
                                  00003540       850   data ,g         4
    struct lcdmap {
                                                  10
      _disp.Data
                                  00003540         4   [near pointer]
      _disp.eep_addr
                                  00003542         1   unsigned char
      _disp.digits
                                  00003543         1   unsigned char
      _disp.offset
                                  00003544         1   unsigned char
      _disp.modifier
                                  00003545         1   unsigned char
      _disp.divisor
                                  00003546         1   unsigned char
      _disp.symbol1
                                  00003547         1   unsigned char
      _disp.symbol2
                                  00003548         1   unsigned char
      _disp.symbol3
                                  00003549         1   unsigned char
      _disp.id
                                  0000354a         1   unsigned char
      _disp.txtid
                                  0000354b         1   unsigned char
      _disp.time
                                  0000354c         2   unsigned short
      _disp.startdigit
                                  0000354e         1   unsigned char
    }
  _digit
                                  00003d90         a   data ,g         3
FILE=Output\AppMisc.obj
                                  00003da6  00003dc9        24
FILE=Output\di2c.obj
                                  00003dca  00003dcd         4
FILE=Output\AppBlockDailyLS.obj
                                  00003dce  00003dd1         4
  _gbltotaldays
                                  00003dce         4   data ,g         7
FILE=Output\AppCommunication.obj
                                  00003dd2  00003df3        22
  _eeprom_default_set
                                  00003dd2        22   data ,g         1
FILE=Output\r_dlms_data.obj
                                  00003df4  00003ee3        f0
FILE=Output\r_dlms_data_ic.obj
                                  00003ee4  000048e1       9fe
  _g_Class07_Dailyload_CapturePeriod
                                  00003ee4         4   data ,g         0
  _g_AccessRightTable
                                  00003ee8        b4   data ,g        5a
    struct tag_access_right_t {
                                                   6
      _g_AccessRightTable.attributes
                                  00003ee8         4   unsigned long
      _g_AccessRightTable.methods
                                  00003eec         2   unsigned short
    }
  _g_Class01_Dailyload_interval
                                  00003f9c         4   data ,g         1
  _g_ChildTableClass01
                                  00003fa0       18c   data ,g         1
    struct tag_class01_child_record_t {
                                                  12
      _g_ChildTableClass01.logical_name
                                  00003fa0         6   unsigned char
      _g_ChildTableClass01.p_access_right
                                  00003fa6         4   [near pointer]
      _g_ChildTableClass01.value
                                  00003fa8         a
    struct tag_dyn_value_t {
                                                   a
      _g_ChildTableClass01.value.choice
                                  00003fa8         2
    struct tag_choice_t {
                                                   2
      _g_ChildTableClass01.value.choice.type
                                  00003fa8         1   enum tag_attr_type_t
      _g_ChildTableClass01.value.choice.size
                                  00003fa9         1   signed char
    }
      _g_ChildTableClass01.value.buffer
                                  00003faa         4   [near pointer]
      _g_ChildTableClass01.value.access
                                  00003fac         6
    struct tag_attr_access_t {
                                                   6
      _g_ChildTableClass01.value.access.method
                                  00003fac         1   enum tag_attr_access_method_t
      _g_ChildTableClass01.value.access.addr
                                  00003fae         2   unsigned short
      _g_ChildTableClass01.value.access.size
                                  00003fb0         2   unsigned short
    }
    }
    }
  _g_ChildTableLengthClass01
                                  0000412c         2   data ,g         1
  _g_ChildTableClass03
                                  0000412e       320   data ,g         1
    struct tag_class03_child_record_t {
                                                  14
      _g_ChildTableClass03.logical_name
                                  0000412e         6   unsigned char
      _g_ChildTableClass03.p_access_right
                                  00004134         4   [near pointer]
      _g_ChildTableClass03.value
                                  00004136         a
    struct tag_dyn_value_t {
                                                   a
      _g_ChildTableClass03.value.choice
                                  00004136         2
    struct tag_choice_t {
                                                   2
      _g_ChildTableClass03.value.choice.type
                                  00004136         1   enum tag_attr_type_t
      _g_ChildTableClass03.value.choice.size
                                  00004137         1   signed char
    }
      _g_ChildTableClass03.value.buffer
                                  00004138         4   [near pointer]
      _g_ChildTableClass03.value.access
                                  0000413a         6
    struct tag_attr_access_t {
                                                   6
      _g_ChildTableClass03.value.access.method
                                  0000413a         1   enum tag_attr_access_method_t
      _g_ChildTableClass03.value.access.addr
                                  0000413c         2   unsigned short
      _g_ChildTableClass03.value.access.size
                                  0000413e         2   unsigned short
    }
    }
      _g_ChildTableClass03.scaler_unit
                                  00004140         2
    struct tag_scaler_unit_t {
                                                   2
      _g_ChildTableClass03.scaler_unit.scaler
                                  00004140         1   signed char
      _g_ChildTableClass03.scaler_unit.unit
                                  00004141         1   enum tag_physical_unit_t
    }
    }
  _g_ChildTableLengthClass03
                                  0000444e         2   data ,g         1
  _g_Class04_ActiveMDStatus
                                  00004450         3   data ,g        11
  _g_Class04_ApparentMDStatus
                                  00004453         3   data ,g         1
  _g_ChildTableClass04
                                  00004456       2d0   data ,g         1
    struct tag_class04_child_record_t {
                                                  28
      _g_ChildTableClass04.logical_name
                                  00004456         6   unsigned char
      _g_ChildTableClass04.p_access_right
                                  0000445c         4   [near pointer]
      _g_ChildTableClass04.value
                                  0000445e         a
    struct tag_dyn_value_t {
                                                   a
      _g_ChildTableClass04.value.choice
                                  0000445e         2
    struct tag_choice_t {
                                                   2
      _g_ChildTableClass04.value.choice.type
                                  0000445e         1   enum tag_attr_type_t
      _g_ChildTableClass04.value.choice.size
                                  0000445f         1   signed char
    }
      _g_ChildTableClass04.value.buffer
                                  00004460         4   [near pointer]
      _g_ChildTableClass04.value.access
                                  00004462         6
    struct tag_attr_access_t {
                                                   6
      _g_ChildTableClass04.value.access.method
                                  00004462         1   enum tag_attr_access_method_t
      _g_ChildTableClass04.value.access.addr
                                  00004464         2   unsigned short
      _g_ChildTableClass04.value.access.size
                                  00004466         2   unsigned short
    }
    }
      _g_ChildTableClass04.scaler_unit
                                  00004468         2
    struct tag_scaler_unit_t {
                                                   2
      _g_ChildTableClass04.scaler_unit.scaler
                                  00004468         1   signed char
      _g_ChildTableClass04.scaler_unit.unit
                                  00004469         1   enum tag_physical_unit_t
    }
      _g_ChildTableClass04.status
                                  0000446a         a
    struct tag_dyn_value_t {
                                                   a
      _g_ChildTableClass04.status.choice
                                  0000446a         2
    struct tag_choice_t {
                                                   2
      _g_ChildTableClass04.status.choice.type
                                  0000446a         1   enum tag_attr_type_t
      _g_ChildTableClass04.status.choice.size
                                  0000446b         1   signed char
    }
      _g_ChildTableClass04.status.buffer
                                  0000446c         4   [near pointer]
      _g_ChildTableClass04.status.access
                                  0000446e         6
    struct tag_attr_access_t {
                                                   6
      _g_ChildTableClass04.status.access.method
                                  0000446e         1   enum tag_attr_access_method_t
      _g_ChildTableClass04.status.access.addr
                                  00004470         2   unsigned short
      _g_ChildTableClass04.status.access.size
                                  00004472         2   unsigned short
    }
    }
      _g_ChildTableClass04.capture_time
                                  00004474         a
    struct tag_dyn_value_t {
                                                   a
      _g_ChildTableClass04.capture_time.choice
                                  00004474         2
    struct tag_choice_t {
                                                   2
      _g_ChildTableClass04.capture_time.choice.type
                                  00004474         1   enum tag_attr_type_t
      _g_ChildTableClass04.capture_time.choice.size
                                  00004475         1   signed char
    }
      _g_ChildTableClass04.capture_time.buffer
                                  00004476         4   [near pointer]
      _g_ChildTableClass04.capture_time.access
                                  00004478         6
    struct tag_attr_access_t {
                                                   6
      _g_ChildTableClass04.capture_time.access.method
                                  00004478         1   enum tag_attr_access_method_t
      _g_ChildTableClass04.capture_time.access.addr
                                  0000447a         2   unsigned short
      _g_ChildTableClass04.capture_time.access.size
                                  0000447c         2   unsigned short
    }
    }
    }
  _g_ChildTableLengthClass04
                                  00004726         2   data ,g         1
  _g_Class08_RTC_DaylightSavingsBegin
                                  00004728         c   data ,g         1
    struct tag_date_time_t {
                                                   c
      _g_Class08_RTC_DaylightSavingsBegin.year_high
                                  00004728         1   unsigned char
      _g_Class08_RTC_DaylightSavingsBegin.year_low
                                  00004729         1   unsigned char
      _g_Class08_RTC_DaylightSavingsBegin.month
                                  0000472a         1   unsigned char
      _g_Class08_RTC_DaylightSavingsBegin.day_of_month
                                  0000472b         1   unsigned char
      _g_Class08_RTC_DaylightSavingsBegin.day_of_week
                                  0000472c         1   unsigned char
      _g_Class08_RTC_DaylightSavingsBegin.hour
                                  0000472d         1   unsigned char
      _g_Class08_RTC_DaylightSavingsBegin.minute
                                  0000472e         1   unsigned char
      _g_Class08_RTC_DaylightSavingsBegin.second
                                  0000472f         1   unsigned char
      _g_Class08_RTC_DaylightSavingsBegin.hundredths
                                  00004730         1   unsigned char
      _g_Class08_RTC_DaylightSavingsBegin.deviation_high
                                  00004731         1   unsigned char
      _g_Class08_RTC_DaylightSavingsBegin.deviation_low
                                  00004732         1   unsigned char
      _g_Class08_RTC_DaylightSavingsBegin.clock_status
                                  00004733         1   unsigned char
    }
  _g_Class08_RTC_DaylightSavingsEnd
                                  00004734         c   data ,g         1
    struct tag_date_time_t {
                                                   c
      _g_Class08_RTC_DaylightSavingsEnd.year_high
                                  00004734         1   unsigned char
      _g_Class08_RTC_DaylightSavingsEnd.year_low
                                  00004735         1   unsigned char
      _g_Class08_RTC_DaylightSavingsEnd.month
                                  00004736         1   unsigned char
      _g_Class08_RTC_DaylightSavingsEnd.day_of_month
                                  00004737         1   unsigned char
      _g_Class08_RTC_DaylightSavingsEnd.day_of_week
                                  00004738         1   unsigned char
      _g_Class08_RTC_DaylightSavingsEnd.hour
                                  00004739         1   unsigned char
      _g_Class08_RTC_DaylightSavingsEnd.minute
                                  0000473a         1   unsigned char
      _g_Class08_RTC_DaylightSavingsEnd.second
                                  0000473b         1   unsigned char
      _g_Class08_RTC_DaylightSavingsEnd.hundredths
                                  0000473c         1   unsigned char
      _g_Class08_RTC_DaylightSavingsEnd.deviation_high
                                  0000473d         1   unsigned char
      _g_Class08_RTC_DaylightSavingsEnd.deviation_low
                                  0000473e         1   unsigned char
      _g_Class08_RTC_DaylightSavingsEnd.clock_status
                                  0000473f         1   unsigned char
    }
  _g_Class08_RTC_DaylightSavingsDeviation
                                  00004740         1   data ,g         1
  _g_Class08_RTC_DaylightSavingsEnabled
                                  00004741         1   data ,g         1
  _g_Class08_RTC_ClockBase
                                  00004742         1   data ,g         1
  _g_ChildTableClass08
                                  00004744        28   data ,g         1
    struct tag_class08_child_record_t {
                                                  28
      _g_ChildTableClass08.logical_name
                                  00004744         6   unsigned char
      _g_ChildTableClass08.p_access_right
                                  0000474a         4   [near pointer]
      _g_ChildTableClass08.time
                                  0000474c         a
    struct tag_dyn_value_t {
                                                   a
      _g_ChildTableClass08.time.choice
                                  0000474c         2
    struct tag_choice_t {
                                                   2
      _g_ChildTableClass08.time.choice.type
                                  0000474c         1   enum tag_attr_type_t
      _g_ChildTableClass08.time.choice.size
                                  0000474d         1   signed char
    }
      _g_ChildTableClass08.time.buffer
                                  0000474e         4   [near pointer]
      _g_ChildTableClass08.time.access
                                  00004750         6
    struct tag_attr_access_t {
                                                   6
      _g_ChildTableClass08.time.access.method
                                  00004750         1   enum tag_attr_access_method_t
      _g_ChildTableClass08.time.access.addr
                                  00004752         2   unsigned short
      _g_ChildTableClass08.time.access.size
                                  00004754         2   unsigned short
    }
    }
      _g_ChildTableClass08.p_time_zone
                                  00004756         4   [near pointer]
      _g_ChildTableClass08.status
                                  00004758         a
    struct tag_dyn_value_t {
                                                   a
      _g_ChildTableClass08.status.choice
                                  00004758         2
    struct tag_choice_t {
                                                   2
      _g_ChildTableClass08.status.choice.type
                                  00004758         1   enum tag_attr_type_t
      _g_ChildTableClass08.status.choice.size
                                  00004759         1   signed char
    }
      _g_ChildTableClass08.status.buffer
                                  0000475a         4   [near pointer]
      _g_ChildTableClass08.status.access
                                  0000475c         6
    struct tag_attr_access_t {
                                                   6
      _g_ChildTableClass08.status.access.method
                                  0000475c         1   enum tag_attr_access_method_t
      _g_ChildTableClass08.status.access.addr
                                  0000475e         2   unsigned short
      _g_ChildTableClass08.status.access.size
                                  00004760         2   unsigned short
    }
    }
      _g_ChildTableClass08.p_daylight_savings_begin
                                  00004762         4   [near pointer]
      _g_ChildTableClass08.p_daylight_savings_end
                                  00004764         4   [near pointer]
      _g_ChildTableClass08.p_daylight_savings_deviation
                                  00004766         4   [near pointer]
      _g_ChildTableClass08.p_daylight_savings_enabled
                                  00004768         4   [near pointer]
      _g_ChildTableClass08.p_clock_base
                                  0000476a         4   [near pointer]
    }
  _g_ChildTableLengthClass08
                                  0000476c         2   data ,g         1
  _secret0
                                  0000476e         1   data ,g         1
  _g_ChildTableClass15
                                  00004770        54   data ,g        18
    struct tag_class15_child_record_t {
                                                  1c
      _g_ChildTableClass15.logical_name
                                  00004770         6   unsigned char
      _g_ChildTableClass15.p_access_right
                                  00004776         4   [near pointer]
      _g_ChildTableClass15.partners_id
                                  00004778         4
    struct tag_associated_partners_t {
                                                   4
      _g_ChildTableClass15.partners_id.client_SAP
                                  00004778         1   signed char
      _g_ChildTableClass15.partners_id.server_SAP
                                  0000477a         2   unsigned short
    }
      _g_ChildTableClass15.context_id
                                  0000477c         1   unsigned char
      _g_ChildTableClass15.mechanism_id
                                  0000477d         1   unsigned char
      _g_ChildTableClass15.conformance
                                  0000477e         3
    union  tag_conformance_t {
                                                   3
      _g_ChildTableClass15.conformance.bytes
                                  0000477e         3
    struct  {
                                                   3
      _g_ChildTableClass15.conformance.bytes.bytes0
                                  0000477e         1   unsigned char
      _g_ChildTableClass15.conformance.bytes.bytes1
                                  0000477f         1   unsigned char
      _g_ChildTableClass15.conformance.bytes.bytes2
                                  00004780         1   unsigned char
    }
      _g_ChildTableClass15.conformance.bits
                                  0000477e         3
    struct  {
                                                   3
      _g_ChildTableClass15.conformance.bits.reserved4
                                  0000477e         1   unsigned char:1(7)
      _g_ChildTableClass15.conformance.bits.reserved3
                                  0000477e         1   unsigned char:1(6)
      _g_ChildTableClass15.conformance.bits.unconfirmed_write
                                  0000477e         1   unsigned char:1(5)
      _g_ChildTableClass15.conformance.bits.write
                                  0000477e         1   unsigned char:1(4)
      _g_ChildTableClass15.conformance.bits.read
                                  0000477e         1   unsigned char:1(3)
      _g_ChildTableClass15.conformance.bits.reserved2
                                  0000477e         1   unsigned char:1(2)
      _g_ChildTableClass15.conformance.bits.reserved1
                                  0000477e         1   unsigned char:1(1)
      _g_ChildTableClass15.conformance.bits.reserved0
                                  0000477e         1   unsigned char:1(0)
      _g_ChildTableClass15.conformance.bits.information_report
                                  0000477f         1   unsigned char:1(7)
      _g_ChildTableClass15.conformance.bits.multiple_references
                                  0000477f         1   unsigned char:1(6)
      _g_ChildTableClass15.conformance.bits.block_transfer_with_action
                                  0000477f         1   unsigned char:1(5)
      _g_ChildTableClass15.conformance.bits.block_transfer_with_set
                                  0000477f         1   unsigned char:1(4)
      _g_ChildTableClass15.conformance.bits.block_transfer_with_get
                                  0000477f         1   unsigned char:1(3)
      _g_ChildTableClass15.conformance.bits.attribute0_supported_with_get
                                  0000477f         1   unsigned char:1(2)
      _g_ChildTableClass15.conformance.bits.priority_mgmt_supported
                                  0000477f         1   unsigned char:1(1)
      _g_ChildTableClass15.conformance.bits.attribute0_supported_with_set
                                  0000477f         1   unsigned char:1(0)
      _g_ChildTableClass15.conformance.bits.action
                                  00004780         1   unsigned char:1(7)
      _g_ChildTableClass15.conformance.bits.event_notification
                                  00004780         1   unsigned char:1(6)
      _g_ChildTableClass15.conformance.bits.selective_access
                                  00004780         1   unsigned char:1(5)
      _g_ChildTableClass15.conformance.bits.set
                                  00004780         1   unsigned char:1(4)
      _g_ChildTableClass15.conformance.bits.get
                                  00004780         1   unsigned char:1(3)
      _g_ChildTableClass15.conformance.bits.parameterized_access
                                  00004780         1   unsigned char:1(2)
      _g_ChildTableClass15.conformance.bits.reserved6
                                  00004780         1   unsigned char:1(1)
      _g_ChildTableClass15.conformance.bits.reserved5
                                  00004780         1   unsigned char:1(0)
    }
    }
      _g_ChildTableClass15.dlms_version
                                  00004781         1   unsigned char
      _g_ChildTableClass15.p_secret_key
                                  00004782         4   [near pointer]
      _g_ChildTableClass15.p_shared_key
                                  00004784         4   [near pointer]
      _g_ChildTableClass15.p_status
                                  00004786         4   [near pointer]
      _g_ChildTableClass15.p_authen_status
                                  00004788         4   [near pointer]
      _g_ChildTableClass15.p_security_setup_ref
                                  0000478a         4   [near pointer]
    }
  _g_ChildTableLengthClass15
                                  000047d6         2   data ,g         4
  _g_LDN_name1
                                  000047d8         7   data ,g         1
  _g_LDN_name2
                                  000047df         9   data ,g         1
  _g_LDN_name3
                                  000047e8         9   data ,g         1
  _g_Class17_SAP_lists
                                  000047f2        12   data ,g         1
    struct tag_asslist_entry_t {
                                                   6
      _g_Class17_SAP_lists.sap
                                  000047f2         2   unsigned short
      _g_Class17_SAP_lists.logical_device_name
                                  000047f4         4
    struct tag_value_t {
                                                   4
      _g_Class17_SAP_lists.logical_device_name.choice
                                  000047f4         2
    struct tag_choice_t {
                                                   2
      _g_Class17_SAP_lists.logical_device_name.choice.type
                                  000047f4         1   enum tag_attr_type_t
      _g_Class17_SAP_lists.logical_device_name.choice.size
                                  000047f5         1   signed char
    }
      _g_Class17_SAP_lists.logical_device_name.buffer
                                  000047f6         4   [near pointer]
    }
    }
  _g_ChildTableClass17
                                  00004804         c   data ,g         1
    struct tag_class17_child_record_t {
                                                   c
      _g_ChildTableClass17.logical_name
                                  00004804         6   unsigned char
      _g_ChildTableClass17.p_access_right
                                  0000480a         4   [near pointer]
      _g_ChildTableClass17.p_sap_assignment
                                  0000480c         4   [near pointer]
      _g_ChildTableClass17.nr_sap_assignment
                                  0000480e         1   unsigned char
    }
  _g_ChildTableLengthClass17
                                  00004810         2   data ,g         1
  _g_Class20_calendar_active_len
                                  00004812         1   data ,g         1
  _g_Class20_calendar_passive_len
                                  00004813         1   data ,g         1
  _g_ChildTableClass20
                                  00004814        2a   data ,g         1
    struct tag_class20_child_record_t {
                                                  2a
      _g_ChildTableClass20.logical_name
                                  00004814         6   unsigned char
      _g_ChildTableClass20.p_access_right
                                  0000481a         4   [near pointer]
      _g_ChildTableClass20.p_calendar_name_active
                                  0000481c         4   [near pointer]
      _g_ChildTableClass20.p_calendar_name_active_len
                                  0000481e         4   [near pointer]
      _g_ChildTableClass20.p_season_profile_active
                                  00004820         4   [near pointer]
      _g_ChildTableClass20.nr_season_profile_active
                                  00004822         1   unsigned char
      _g_ChildTableClass20.p_week_profile_active
                                  00004824         4   [near pointer]
      _g_ChildTableClass20.nr_week_profile_active
                                  00004826         1   unsigned char
      _g_ChildTableClass20.p_day_profile_active
                                  00004828         4   [near pointer]
      _g_ChildTableClass20.nr_day_profile_active
                                  0000482a         1   unsigned char
      _g_ChildTableClass20.p_calendar_name_passive
                                  0000482c         4   [near pointer]
      _g_ChildTableClass20.p_calendar_name_passive_len
                                  0000482e         4   [near pointer]
      _g_ChildTableClass20.p_season_profile_passive
                                  00004830         4   [near pointer]
      _g_ChildTableClass20.nr_season_profile_passive
                                  00004832         1   unsigned char
      _g_ChildTableClass20.p_week_profile_passive
                                  00004834         4   [near pointer]
      _g_ChildTableClass20.nr_week_profile_passive
                                  00004836         1   unsigned char
      _g_ChildTableClass20.p_day_profile_passive
                                  00004838         4   [near pointer]
      _g_ChildTableClass20.nr_day_profile_passive
                                  0000483a         1   unsigned char
      _g_ChildTableClass20.p_activate_calendar_passive
                                  0000483c         4   [near pointer]
    }
  _g_ChildTableLengthClass20
                                  0000483e         2   data ,g         1
  _g_Class22_billscript
                                  00004840         8   data ,g         1
    struct tag_action_item_t {
                                                   8
      _g_Class22_billscript.script_logical_name
                                  00004840         6   unsigned char
      _g_Class22_billscript.script_selector
                                  00004846         2   unsigned short
    }
  _g_Class22_bill_exetime
                                  00004848         4   data ,g         3
    struct tag_execution_time_date_t {
                                                   4
      _g_Class22_bill_exetime.p_time
                                  00004848         4   [near pointer]
      _g_Class22_bill_exetime.p_date
                                  0000484a         4   [near pointer]
    }
  _g_Class22_billtype
                                  0000484c         1   data ,g         1
  _g_ChildTableClass22
                                  0000484e        10   data ,g         1
    struct tag_class22_child_record_t {
                                                  10
      _g_ChildTableClass22.logical_name
                                  0000484e         6   unsigned char
      _g_ChildTableClass22.p_access_right
                                  00004854         4   [near pointer]
      _g_ChildTableClass22.p_executed_script
                                  00004856         4   [near pointer]
      _g_ChildTableClass22.p_type
                                  00004858         4   [near pointer]
      _g_ChildTableClass22.p_execution_time
                                  0000485a         4   [near pointer]
      _g_ChildTableClass22.nr_execution_time
                                  0000485c         1   unsigned char
    }
  _g_ChildTableLengthClass22
                                  0000485e         2   data ,g         1
  _g_Class23_device_addr
                                  00004860         2   data ,g         1
  _g_Class23_comm_speed
                                  00004862         1   data ,g         1
  _g_Class23_window_size_transmit
                                  00004863         1   data ,g         1
  _g_Class23_window_size_receive
                                  00004864         1   data ,g         1
  _g_Class23_max_info_field_length_transmit
                                  00004866         2   data ,g         1
  _g_Class23_max_info_field_length_receive
                                  00004868         2   data ,g         1
  _g_Class23_inter_octet_time_out
                                  0000486a         2   data ,g         1
  _g_Class23_inactivity_time_out
                                  0000486c         2   data ,g         1
  _g_ChildTableClass23
                                  0000486e        18   data ,g         1
    struct tag_class23_child_record_t {
                                                  18
      _g_ChildTableClass23.logical_name
                                  0000486e         6   unsigned char
      _g_ChildTableClass23.p_access_right
                                  00004874         4   [near pointer]
      _g_ChildTableClass23.p_comm_speed
                                  00004876         4   [near pointer]
      _g_ChildTableClass23.p_window_size_transmit
                                  00004878         4   [near pointer]
      _g_ChildTableClass23.p_window_size_receive
                                  0000487a         4   [near pointer]
      _g_ChildTableClass23.p_max_info_field_length_transmit
                                  0000487c         4   [near pointer]
      _g_ChildTableClass23.p_max_info_field_length_receive
                                  0000487e         4   [near pointer]
      _g_ChildTableClass23.p_inter_octet_time_out
                                  00004880         4   [near pointer]
      _g_ChildTableClass23.p_inactivity_time_out
                                  00004882         4   [near pointer]
      _g_ChildTableClass23.p_device_address
                                  00004884         4   [near pointer]
    }
  _g_ChildTableLengthClass23
                                  00004886         2   data ,g         1
  _g_Class64_obj0_master_key
                                  00004888        10   data ,g         1
  _g_Class64_obj1_master_key
                                  00004898        10   data ,g         1
  _g_ChildTableClass64
                                  000048a8        38   data ,g         d
    struct tag_class64_child_record_t {
                                                  1c
      _g_ChildTableClass64.logical_name
                                  000048a8         6   unsigned char
      _g_ChildTableClass64.p_access_right
                                  000048ae         4   [near pointer]
      _g_ChildTableClass64.p_security_policy
                                  000048b0         4   [near pointer]
      _g_ChildTableClass64.p_security_suit
                                  000048b2         4   [near pointer]
      _g_ChildTableClass64.p_client_title
                                  000048b4         4   [near pointer]
      _g_ChildTableClass64.p_server_title
                                  000048b6         4   [near pointer]
      _g_ChildTableClass64.p_master_key
                                  000048b8         4   [near pointer]
      _g_ChildTableClass64.p_global_unicast_key
                                  000048ba         4   [near pointer]
      _g_ChildTableClass64.p_global_broadcast_key
                                  000048bc         4   [near pointer]
      _g_ChildTableClass64.p_dedicated_unicast_key
                                  000048be         4   [near pointer]
      _g_ChildTableClass64.p_authentication_key
                                  000048c0         4   [near pointer]
      _g_ChildTableClass64.p_frame_counter
                                  000048c2         4   [near pointer]
    }
  _g_ChildTableLengthClass64
                                  000048e0         2   data ,g         2
FILE=Output\r_dlms_user_interface.obj
                                  000048e2  00004901        20
  _g_DayOfWeek
                                  000048e2         7   data ,g         2
FILE=Output\r_dlms_obis.obj
                                  00004902  00004f1f       61e
  _g_MasterTable
                                  00004902       5cc   data ,g        17
    struct tag_master_record_t {
                                                   e
      _g_MasterTable.class_version
                                  00004902         1   unsigned char
      _g_MasterTable.number_attrs
                                  00004903         1   unsigned char
      _g_MasterTable.number_methods
                                  00004904         1   unsigned char
      _g_MasterTable.fp_distributor
                                  00004906         4   [far pointer]
      _g_MasterTable.child_list_size
                                  0000490a         4   [near pointer]
      _g_MasterTable.child_list_pointer
                                  0000490c         4   [near pointer]
      _g_MasterTable.child_item_size
                                  0000490e         2   unsigned short
    }
  _g_TotalMasterTableElements
                                  00004ece         2   data ,g         6
FILE=Output\r_dlms_obis_ic.obj
                                  00004f20  0000500d        ee
  _MaxReceivePduSize@5@R_OBIS_DistributeAssociationLNClass
                                  00004f28         2   data ,l         2
  _MaxSendPduSize@6@R_OBIS_DistributeAssociationLNClass
                                  00004f2a         2   data ,l         2
FILE=Output\DLMS_User.obj
                                  0000500e  00005047        3a
  _ServerPhysicalAddress
                                  0000500e         4   data ,g         1
  _DeviceAddress
                                  00005012         7   data ,g         1
  _ManufacturerID
                                  00005019         4   data ,g         1
  _ID
                                  0000501d         4   data ,g         1
  _UserServerConfig
                                  00005022        26   data ,g         1
    struct  {
                                                  26
      _UserServerConfig.Channel_info
                                  00005022         4   [near pointer]
      _UserServerConfig.SerialInit_FuncPtr
                                  00005024         4   [far pointer]
      _UserServerConfig.SerialConfig_FuncPtr
                                  00005028         4   [far pointer]
      _UserServerConfig.SerialTx_FuncPtr
                                  0000502c         4   [far pointer]
      _UserServerConfig.Server_Buffer
                                  00005030         4   [near pointer]
      _UserServerConfig.ServerPhysicalAddress
                                  00005032         4   [near pointer]
      _UserServerConfig.DeviceAddress
                                  00005034         4   [near pointer]
      _UserServerConfig.ManufacturerID
                                  00005036         4   [near pointer]
      _UserServerConfig.ID
                                  00005038         4   [near pointer]
      _UserServerConfig.Server_BufferSize
                                  0000503a         2   unsigned short
      _UserServerConfig.Response_Timeout
                                  0000503c         2   unsigned short
      _UserServerConfig.Inactivity_Timeout
                                  0000503e         2   unsigned short
      _UserServerConfig.Interframe_Timeout
                                  00005040         2   unsigned short
      _UserServerConfig.Channel_maxcount
                                  00005042         1   unsigned char
      _UserServerConfig.AdressByteMode
                                  00005043         1   unsigned char
      _UserServerConfig.IEC_BaudRate
                                  00005044         1   unsigned char
      _UserServerConfig.HDLC_BaudRate
                                  00005045         1   unsigned char
      _UserServerConfig.Windows_size
                                  00005046         1   unsigned char
      _UserServerConfig.dummy
                                  00005047         1   unsigned char
    }
FILE=Output\AppTampers.obj
                                  00005048  000050a1        5a
  _dlmsEventCode
                                  00005048        12   data ,g         3
  _EventCountIndex
                                  0000505a         9   data ,g         8
  _EventLen
                                  00005063         9   data ,g         b
  _startAdd
                                  0000506c        12   data ,g         3
FILE=Output\AppNMTask.obj
                                  000050a2  000050a5         4
  _nmgbltotaldays
                                  000050a2         4   data ,g         3
FILE=Output\AppHarmonics.obj
                                  000050a6  00005103        5e
  _Sin50Hz
                                  000050a6        27   data ,g         0
  _Cos50Hz
                                  000050cd        27   data ,g         0
  _Cos250Hz
                                  000050f4         8   data ,g         0
  _Sin250Hz
                                  000050fc         8   data ,g         0
FILE=Output\AppCustomerProtocol.obj
                                  00005104  0000518a        87
  _FirmwareVersion
                                  00005104        11   data ,g         1
FILE=aes
                                  0000518c  0000548a       2ff
  _sbox@4
                                  0000518c       100   data ,l         1
  _rsbox@5
                                  0000528c       100   data ,l         1
  _Rcon@6
                                  0000538c        ff   data ,l         1
FILE=DLMS_Wrapper
                                  0000548c  000054ba        2f
  _DLMSVersion
                                  0000548c         7   data ,g         0
  _DLMSInfo
                                  00005493        28   data ,g         0
FILE=rl78_sw_dc_correction_config
                                  000054bc  000054cf        14
  _g_dc_imunity_config_default_4k_50Hz
                                  000054bc         a   data ,g         0
  _g_dc_imunity_config_default_2k_50Hz
                                  000054c6         a   data ,g         1
    struct tag_dc_imunity_config_t {
                                                   a
      _g_dc_imunity_config_default_2k_50Hz.peak_detect_cycle
                                  000054c6         2   unsigned short
      _g_dc_imunity_config_default_2k_50Hz.dc_continous_count
                                  000054c8         2   unsigned short
      _g_dc_imunity_config_default_2k_50Hz.max_dc_count
                                  000054ca         2   unsigned short
      _g_dc_imunity_config_default_2k_50Hz.dc_operation_max_sample_count
                                  000054cc         2   unsigned short
      _g_dc_imunity_config_default_2k_50Hz.dc_operation_min_sample_count
                                  000054ce         2   unsigned short
    }
FILE=fcs
                                  000054d0  000056cf       200
  _fcstab
                                  000054d0       200   data ,g         2

SECTION=.text
FILE=Output\cstart.obj
                                  000056d0  00005729        5a
  _start
                                  000056d0         0   none ,g         0
  _exit
                                  00005728         0   none ,g         1
FILE=Output\d8bitTimer.obj
                                  0000572a  00005767        3e
  _Interrupt_16BIT_TIMER0@1
                                  0000572a        27   func ,l         0
  _Interrupt_16BIT_TIMER1@1
                                  00005751        17   func ,l         0
FILE=Output\dRtc.obj
                                  00005768  0000577d        16
  _Interrupt_RTC_SECOND@1
                                  00005768        16   func ,l         0
FILE=Output\di2c.obj
                                  0000577e  000057a7        2a
  _r_iica0_interrupt@1
                                  0000577e        2a   func ,l         0
FILE=Output\dIOCtrl.obj
                                  000057a8  000057cd        26
  _Interrupt_mains_supply@1
                                  000057a8         2   func ,l         0
  _Interrupt_Push_Button@1
                                  000057aa        22   func ,l         0
  _Interrupt_Cover_Switch@1
                                  000057cc         2   func ,l         0
FILE=Output\dUart.obj
                                  000057ce  00005994       1c7
  _UART2_Interrupt_Receive@1
                                  000057ce       1c2   func ,l         0
  _UART2_Interrupt_Send@1
                                  00005990         5   func ,l         0
FILE=Output\d12bitTimer.obj
                                  00005995  00005a9b       107
  _Interrupt_12BIT_TIMER@1
                                  00005995       107   func ,l         0
FILE=Output\dDeltaSigmaADC.obj
                                  00005a9c  00005f8d       4f2
  _Interrupt_DSAD@1
                                  00005a9c       4f2   func ,l         0
FILE=Output\dLVD.obj
                                  00005f8e  00005f91         4
  _Interrupt_LVD@1
                                  00005f8e         4   func ,l         0
FILE=Output\dOsd.obj
                                  00005f92  00005fa0         f
  _Interrupt_OSD@1
                                  00005f92         f   func ,l         0

SECTION=.RLIB
FILE=memcpy
                                  00005fa1  00005fb1        11
  _memcpy
                                  00005fa1         0   none ,g        1d
FILE=memset
                                  00005fb2  00005fbf         e
  _memset
                                  00005fb2         0   none ,g         9
FILE=_COM_faddsub
                                  00005fc0  000060fa       13b
  __COM_fsub
                                  0000601c         0   none ,g         6
  __COM_fadd
                                  00006024         0   none ,g        14
FILE=_COM_fdiv
                                  000060fb  00006228       12e
  __COM_fdiv
                                  0000615a         0   none ,g         3
FILE=_COM_fmul
                                  00006229  00006315        ed
  __COM_fmul
                                  00006274         0   none ,g         f
FILE=_COM_ftosl
                                  00006316  0000631d         8
  __COM_ftosl
                                  00006316         0   none ,g         1
FILE=_COM_ftoul
                                  0000631e  00006329         c
  __COM_ftoul
                                  0000631e         0   none ,g         9
FILE=_COM_llmul
                                  0000632a  00006373        4a
  __COM_llmul
                                  0000632a         0   none ,g         5
  __REL_llmul_addh
                                  00006362         0   none ,g         2
FILE=_COM_lshr
                                  00006374  00006394        21
  __COM_lshr
                                  0000637e         0   none ,g         2
FILE=_COM_sidiv
                                  00006395  000063b6        22
  __COM_sidiv
                                  00006397         0   none ,g         1
FILE=_COM_sldiv
                                  000063b7  00006405        4f
  __COM_sldiv
                                  000063bc         0   none ,g         8
FILE=_COM_slldiv
                                  00006406  00006458        53
  __COM_slldiv
                                  00006406         0   none ,g         2
FILE=_COM_sltof
                                  00006459  00006470        18
  __COM_sltof
                                  00006459         0   none ,g         1
FILE=_COM_ulldiv
                                  00006471  0000649a        2a
  __COM_ulldiv
                                  00006471         0   none ,g         b
FILE=_COM_ulltof
                                  0000649b  000064a6         c
  __COM_ulltof
                                  0000649b         0   none ,g         7
FILE=_COM_ultof
                                  000064a7  000064ac         6
  __COM_ultof
                                  000064a7         0   none ,g         3
FILE=_COM_fgt
                                  000064ad  000064c2        16
  __COM_fgt
                                  000064ad         0   none ,g         1
FILE=_COM_fle
                                  000064c3  000064d8        16
  __COM_fle
                                  000064c3         0   none ,g         1
FILE=_COM_fne
                                  000064d9  000064e9        11
  __COM_fne
                                  000064d9         0   none ,g         2
FILE=_COM_funordered
                                  000064ea  000064f4         b
  __COM_funordered
                                  000064ea         0   none ,g         2
FILE=_COM_lmul
                                  000064f5  0000650f        1b
  __COM_lmul
                                  000064f5         0   none ,g         2
FILE=_COM_mulul
                                  00006510  0000656c        5d
  __COM_mulul
                                  00006510         0   none ,g         1
FILE=_COM_sirem
                                  0000656d  0000658c        20
  __COM_sirem
                                  0000656d         0   none ,g         1
FILE=_REL_ftol
                                  0000658d  000065c1        35
  __REL_ftol
                                  0000658d         0   none ,g         2
FILE=_REL_f_inf
                                  000065c2  000065c9         8
  __REL_f_inf
                                  000065c2         0   none ,g         5
FILE=_REL_f_norm
                                  000065ca  000065d9        10
  __REL_f_norm
                                  000065ca         0   none ,g         3
FILE=_REL_f_round
                                  000065da  000065ec        13
  __REL_f_round
                                  000065da         0   none ,g         4
FILE=_REL_lldiv
                                  000065ed  000067f3       207
  __REL_lldiv
                                  00006609         0   none ,g         2
FILE=_REL_llrev
                                  000067f4  00006813        20
  __REL_llrev
                                  000067f4         0   none ,g         3
FILE=_REL_lltof
                                  00006814  00006870        5d
  __REL_lltof
                                  00006814         0   none ,g         1
FILE=_REL_ltof
                                  00006871  000068ba        4a
  __REL_ltof
                                  00006871         0   none ,g         2
FILE=_REL_ltosl
                                  000068bb  000068df        25
  __REL_ltosl
                                  000068bb         0   none ,g         1
FILE=_COM_feq
                                  000068e0  000068f5        16
  __COM_feq
                                  000068e0         0   none ,g         1
FILE=_COM_mului
                                  000068f6  000068f9         4
  __COM_mului
                                  000068f6         0   none ,g         4
FILE=_REL_fcmp
                                  000068fa  00006931        38
  __REL_fcmp
                                  000068fa         0   none ,g         3
FILE=_REL_fordered_core
                                  00006932  0000694d        1c
  __REL_fordered_core
                                  00006932         0   none ,g         4
FILE=_REL_setexp_ll
                                  0000694e  00006997        4a
  __REL_setexp_ll
                                  0000694e         0   none ,g         1

SECTION=.SLIB
FILE=acosf
                                  00006998  00006d41       3aa
  __REL_poly_asinf_neg@1
                                  00006998       1ec   func ,l         1
  __CommonCode@4
                                  00006b84         c   func ,l         2
  __CommonCode@5
                                  00006b90         9   func ,l         2
  __CommonCode@3
                                  00006b99         c   func ,l         3
  __CommonCode@2
                                  00006ba5         9   func ,l         2
  __CommonCode@1
                                  00006bae         5   func ,l         3
  _acosf
                                  00006bb3       180   func ,g         1
  __CommonCode@0
                                  00006d33         f   func ,l         2
FILE=fabsf
                                  00006d42  00006d5a        19
  _fabsf
                                  00006d42         0   none ,g         2
FILE=memcmp
                                  00006d5b  00006d6c        12
  _memcmp
                                  00006d5b         0   none ,g         1
FILE=sqrtf
                                  00006d6d  00006f92       226
  _sqrtf
                                  00006d6d       1fa   func ,g         a
  __CommonCode@2
                                  00006f67         1   func ,l         2
  __CommonCode@3
                                  00006f68         4   func ,l         3
  __CommonCode@1
                                  00006f6c         9   func ,l         2
  __CommonCode@0
                                  00006f75        1e   func ,l         3
FILE=strlen
                                  00006f93  00006f9d         b
  _strlen
                                  00006f93         0   none ,g        13
FILE=_REL_asincosfsub
                                  00006f9e  00007100       163
  __REL_poly_acosf
                                  00006f9e        6f   func ,g         1
  __CommonCode@0
                                  0000700d         e   func ,l         2
  __CommonCode@3
                                  0000701b         5   func ,l         4
  __CommonCode@2
                                  00007020        9a   func ,l         2
  __CommonCode@5
                                  000070ba         5   func ,l         3
  __CommonCode@4
                                  000070bf         c   func ,l         3
  __CommonCode@1
                                  000070cb         9   func ,l         2
  __REL_poly_acosf_neg
                                  000070d4        2d   func ,g         1
FILE=_REL_nanf_value
                                  00007101  00007105         5
  __REL_nanf_value
                                  00007101         5   func ,g         1

SECTION=.textf
FILE=Output\dMisc.obj
                                  00007106  0000715d        58
  _NOP_CYCLES
                                  00007106        12   func ,g         1
  _MCU_Delay
                                  00007118        46   func ,g         d
FILE=Output\hdwinit.obj
                                  0000715e  0000715e         1
  _hdwinit
                                  0000715e         0   none ,g         1
FILE=Output\stkinit.obj
                                  0000715f  000071a2        44
  _stkinit
                                  0000715f         0   none ,g         1
  LSTINIT1
                                  0000716d         0   none ,l         1
  LSTINIT2
                                  00007197         0   none ,l         2
  LSTINIT3
                                  000071a2         0   none ,l         2
FILE=Output\main.obj
                                  000071a3  00007406       264
  _main
                                  000071a3       24e   func ,g         1
  _prepareLowPower
                                  000073f1        16   func ,g         1
FILE=Output\dDisplay.obj
                                  00007407  000074d6        d0
  _init_Lcd
                                  00007407        76   func ,g         1
  _R_LCD_Start
                                  0000747d         4   func ,g         1
  _R_LCD_Stop
                                  00007481         4   func ,g         0
  _R_LCD_Set_VoltageOn
                                  00007485        33   func ,g         1
  _R_LCD_Set_VoltageOff
                                  000074b8         e   func ,g         0
  _R_LCD_PowerOff
                                  000074c6         a   func ,g         2
  _R_LCD_PowerOn
                                  000074d0         7   func ,g         5
FILE=Output\AppDisplay.obj
                                  000074d7  00008b27      1651
  _Display
                                  000074d7       e0b   func ,g        10
  _Clear_Lcd
                                  000082e2        24   func ,g         2
  _PushButton
                                  00008306        21   func ,g         1
  _setParaBuff
                                  00008327        6c   func ,g        17
  _setParamIndex
                                  00008393        4f   func ,g        1d
  _CheckParaTimeOut
                                  000083e2       119   func ,g         1
  _setNextParaSeq
                                  000084fb       137   func ,g         4
  _getParamTime
                                  00008632        16   func ,g         2
  _getParaCount
                                  00008648         8   func ,g         3
  _getMeterSerial
                                  00008650       169   func ,g         6
  _getMeterSerial_hex
                                  000087b9        ce   func ,g         5
  _getMeterKitID
                                  00008887        64   func ,g         2
  _getConfiguredDP
                                  000088eb        75   func ,g         4
  _copyDPfromFlash2Ram
                                  00008960        75   func ,g         2
  _validatelcdRAMBuff
                                  000089d5        15   func ,g         2
  _configDisplayPara
                                  000089ea        c4   func ,g         1
  _readConfiguredDP2Send
                                  00008aae        4d   func ,g         1
  _ResetConfigDP
                                  00008afb        2d   func ,g         1
FILE=Output\dClock.obj
                                  00008b28  00008b9a        73
  _setClock
                                  00008b28        73   func ,g         1
FILE=Output\AppPowerOnInit.obj
                                  00008b9b  0000911e       584
  _init_poweron
                                  00008b9b        86   func ,g         1
  _init_device_hw
                                  00008c21        97   func ,g         1
  _init_app_data
                                  00008cb8       2cb   func ,g         1
  _getTODEnergy@1
                                  00008f83        97   func ,l         4
  _UpdateEnergy@1
                                  0000901a        71   func ,l         2
  _noResetInit
                                  0000908b        4d   func ,g         1
  _CheckCurrentLimitNm
                                  000090d8        47   func ,g         2
FILE=Output\d8bitTimer.obj
                                  0000911f  000092a6       188
  _init_Timer8bit0
                                  0000911f        1a   func ,g         1
  _init_Timer8bit1
                                  00009139        18   func ,g         4
  _start_Timer8bit0
                                  00009151        26   func ,g         b
  _start_Timer8bit1
                                  00009177        25   func ,g         2
  _stop_Timer8bit0
                                  0000919c        26   func ,g         2
  _stop_Timer8bit1
                                  000091c2        26   func ,g         2
  _updatePulse
                                  000091e8        bf   func ,g         1
FILE=Output\dRtc.obj
                                  000092a7  0000988d       5e7
  _init_Rtc
                                  000092a7       13b   func ,g         3
  _start_RTC_Second_Interrupt
                                  000093e2         4   func ,g         1
  _stop_RTC_Second_Interrupt
                                  000093e6         4   func ,g         1
  _getRtcCounter
                                  000093ea       1ee   func ,g         d
  _Rtc_SetCounterValue
                                  000095d8       17d   func ,g         4
  _setRTCOut
                                  00009755        12   func ,g         0
  _reEnable32KCrystal
                                  00009767        44   func ,g         3
  _validateRCR1
                                  000097ab        35   func ,g         2
  _validateRCR2
                                  000097e0        ae   func ,g         2
FILE=Output\AppMisc.obj
                                  0000988e  0000a3f1       b64
  _ConvertTimeCounterToTime
                                  0000988e       326   func ,g        23
  _ConvertTimeToTimeCounter
                                  00009bb4       1fb   func ,g         8
  _Crc_Cal
                                  00009daf        69   func ,g        18
  _CheckSum_Calc
                                  00009e18        3f   func ,g         0
  _SaveEEPROM
                                  00009e57       103   func ,g        17
  _makeByte
                                  00009f5a        49   func ,g        23
  _getByteValue
                                  00009fa3        62   func ,g        1a
  _isPowerfailLog
                                  0000a005        6e   func ,g         2
  _powerfailLogging
                                  0000a073        3d   func ,g         2
  _isRAMOK
                                  0000a0b0        55   func ,g         9
  _updateMDInterval
                                  0000a105        ee   func ,g         4
  _getSetPfailData
                                  0000a1f3        5c   func ,g         6
  _fillComBufferZero
                                  0000a24f        1b   func ,g         4
  _getSelftDgFeature
                                  0000a26a        54   func ,g         2
  _Dec_Ascii
                                  0000a2be        81   func ,g        30
  _getCustomDateTimeASCIIFormat
                                  0000a33f        b3   func ,g         3
FILE=Output\di2c.obj
                                  0000a3f2  0000a949       558
  _init_I2c
                                  0000a3f2        90   func ,g         1
  _read_eeprom
                                  0000a482       101   func ,g        51
  _write_eeprom
                                  0000a583       112   func ,g        37
  _iica0_masterhandler@1
                                  0000a695       108   func ,l         1
  _i2c_Send@1
                                  0000a79d        9e   func ,l         3
  _dywait
                                  0000a83b        23   func ,g         0
  _memTest
                                  0000a85e        ec   func ,g         2
FILE=Output\dIOCtrl.obj
                                  0000a94a  0000aa42        f9
  _R_PORT_Create
                                  0000a94a        11   func ,g         1
  _init_Ports
                                  0000a95b        e7   func ,g         2
  _freePinshandler
                                  0000aa42         1   func ,g         2
FILE=Output\dUart.obj
                                  0000aa43  0000abc0       17e
  _init_Uart2
                                  0000aa43        18   func ,g         3
  _R_UART2_Create
                                  0000aa5b        94   func ,g         1
  _Uart2_Start
                                  0000aaef        28   func ,g         2
  _Uart2_Stop
                                  0000ab17        43   func ,g         2
  _r_uart2_callback_error@1
                                  0000ab5a         5   func ,l         1
  _Meter2_Response
                                  0000ab5f        62   func ,g         4
FILE=Output\d12bitTimer.obj
                                  0000abc1  0000ac25        65
  _init_Timer12bit
                                  0000abc1        2a   func ,g         4
  _ClearPulseAccumulation
                                  0000abeb        1a   func ,g         0
  _setPulse
                                  0000ac05        21   func ,g         2
FILE=Output\dDeltaSigmaADC.obj
                                  0000ac26  0000c1ab      1586
  _R_ADC_Stop
                                  0000ac26        12   func ,g         2
  _init_DeltaSigmaADC
                                  0000ac38        68   func ,g         2
  _Start_DeltaSigmaADC@1
                                  0000aca0        69   func ,l         1
  _DeltaSigmaADC_Stop
                                  0000ad09        12   func ,g         0
  _DeltaSigmaADC_AdjustPhaseDelay
                                  0000ad1b        51   func ,g         5
  _ClearADCData
                                  0000ad6c        47   func ,g         2
  _doMeasurement
                                  0000adb3       5aa   func ,g         2
  _Calculate_Line_Frq
                                  0000b35d       1cf   func ,g         2
  _doMeasurement_NM
                                  0000b52c       313   func ,g         4
  _doDeltaSigmaADC_NM@1
                                  0000b83f       7ee   func ,l        17
  _logNMinfo@1
                                  0000c02d        26   func ,l         3
  _addCTCompensation
                                  0000c053        5d   func ,g         1
  _adjCTPowerNew
                                  0000c0b0        c4   func ,g         2
  _checkApparentwithActive@1
                                  0000c174        1f   func ,l         2
  _setPulseCounterPower@1
                                  0000c193        19   func ,l         3
FILE=Output\AppOneSecondTask.obj
                                  0000c1ac  0000c6c8       51d
  _OneSecondTask
                                  0000c1ac       51d   func ,g         2
FILE=Output\AppBilling.obj
                                  0000c6c9  0000cb6c       4a4
  _CheckBillingOver
                                  0000c6c9       207   func ,g         4
  _GetBillLoc
                                  0000c8d0        45   func ,g         b
  _GetLastBillLoc
                                  0000c915        4c   func ,g         0
  _doBilling
                                  0000c961        11   func ,g         0
  _getLastBillnumber
                                  0000c972        29   func ,g         0
  _getAvgPf
                                  0000c99b        a1   func ,g         1
  _initPowerOnDuration
                                  0000ca3c         1   func ,g         0
  _getNextBillingDate
                                  0000ca3d        c2   func ,g         6
  _ClearBillMD
                                  0000caff        4c   func ,g         0
  _getAutoBillDay
                                  0000cb4b        22   func ,g         6
FILE=Output\AppMD.obj
                                  0000cb6d  0000cf31       3c5
  _Compute_MD
                                  0000cb6d       3c5   func ,g         6
FILE=Output\AppScheduleAction.obj
                                  0000cf32  0000cfeb        ba
  _doCalanderAction
                                  0000cf32        6d   func ,g         2
  _doBillSingleAction
                                  0000cf9f        4d   func ,g         2
FILE=Output\AppTod.obj
                                  0000cfec  0000d3c6       3db
  _TodBilling
                                  0000cfec        6d   func ,g         1
  _getCurrentSeason
                                  0000d059        d2   func ,g         2
  _isZoneChanged
                                  0000d12b        2b   func ,g         0
  _getCurrentZoneNo
                                  0000d156       112   func ,g         4
  _GetTODBillLoc
                                  0000d268        4c   func ,g         0
  _getMaxZoneNo
                                  0000d2b4        2c   func ,g         2
  _getMaxSeasonNo
                                  0000d2e0        22   func ,g         1
  _getTODConsumption
                                  0000d302        80   func ,g         2
  _GetTODLatestBillLoc
                                  0000d382        45   func ,g         0
FILE=Output\AppBlockDailyLS.obj
                                  0000d3c7  0000db51       78b
  _Load_Survey
                                  0000d3c7       1fd   func ,g         1
  _GetLsLoadLoc
                                  0000d5c4        8d   func ,g         2
  _GetDailyLoc
                                  0000d651        46   func ,g         2
  _doLs
                                  0000d697        e6   func ,g         2
  _getLsEntries
                                  0000d77d        65   func ,g         5
  _ClearLsData
                                  0000d7e2        d7   func ,g         1
  _getByRange
                                  0000d8b9       201   func ,g         0
  _logDaily00hhEnergy
                                  0000daba        98   func ,g         2
FILE=Output\AppCalibration.obj
                                  0000db52  0000de20       2cf
  _doCalibration
                                  0000db52       1b7   func ,g         4
  _getPhaseDelay@1
                                  0000dd09        b0   func ,l         2
  _getRLCalib
                                  0000ddb9        68   func ,g         1
FILE=Output\AppCommunication.obj
                                  0000de21  0000fac8      1ca8
  _Communication
                                  0000de21        55   func ,g         3
  _Write_Command
                                  0000de76      180a   func ,g         1
  _addHeaderFooterAndSend@1
                                  0000f680        36   func ,l         2
  _ClearEEpromMemory@1
                                  0000f6b6       19a   func ,l         2
  _getSerialCrc
                                  0000f850        3c   func ,g         2
  _getSPOTBill
                                  0000f88c       15b   func ,g         1
  _getPower2Cal@1
                                  0000f9e7        8f   func ,l         2
  _setMfgMonth
                                  0000fa76        53   func ,g         1
FILE=Output\AppIntervalkWh.obj
                                  0000fac9  0000ff85       4bd
  _savekWh
                                  0000fac9        55   func ,g         2
  _readIntervalkWh
                                  0000fb1e       460   func ,g         1
  _getInterval
                                  0000ff7e         8   func ,g         0
FILE=Output\r_dlms_data.obj
                                  0000ff86  00010fd8      1053
  _R_OBIS_ActionObjectMethod
                                  0000ff86       2ba   func ,g         1
  _R_OBIS_GetObjectAttr
                                  00010240       9b9   func ,g         1
  _R_OBIS_SetObjectAttr
                                  00010bf9       207   func ,g         1
  _R_OBIS_DataAsyncServiceRestart
                                  00010e00        4d   func ,g         1
  _R_OBIS_BufferBlockGet
                                  00010e4d        a8   func ,g         0
  _R_OBIS_BufferBlockSet
                                  00010ef5        a8   func ,g         0
  _R_OBIS_BufferScanByUserFunc
                                  00010f9d        1c   func ,g         1
  _R_OBIS_BufferFilterByUserFunc
                                  00010fb9        20   func ,g         1
FILE=Output\r_dlms_data_hls.obj
                                  00010fd9  00010ffa        22
  _R_OBIS_Aes_Ecbenc
                                  00010fd9        22   func ,g         2
FILE=Output\r_dlms_data_meter.obj
                                  00010ffb  000115ef       5f5
  _R_OBIS_IsValidDateTime
                                  00010ffb       18e   func ,g         3
  _R_OBIS_IsValidDate
[...]
                                          0084(0001df83:.textf)
                                          0084(0001dfb9:.textf)
                                          0084(0001dfcd:.textf)
                                          0084(0001e124:.textf)
                                          0084(0001e16a:.textf)
                                          0084(0001e1c2:.textf)
                                          0084(0001e1f3:.textf)
                                          0084(0001e275:.textf)
                                          0084(0001e284:.textf)
                                          0084(0001e2c6:.textf)
                                          0084(0001e301:.textf)
                                          0084(0001e3ff:.textf)
                                          0084(0001e443:.textf)
                                          0084(0001e531:.textf)
                                          0084(0001e697:.textf)
                                          0084(0001e6a5:.textf)
                                          0084(0001e6e3:.textf)
                                          0084(0001e6f1:.textf)
                                          0088(0001f056:.textf)
                                          0088(0001f097:.textf)
                                          0089(0001f0ca:.textf)
                                          0110(0001f536:.textf)
                                          0110(0001f55c:.textf)
                                          0110(0001f651:.textf)
                                          0111(0001f672:.textf)
     SECTION=.bss
                 _HDLC_FrameOutput
                                 000ff2e6 0085(0001eaa7:.textf)
                                          0085(0001eab0:.textf)
                                          0085(0001eab3:.textf)
                                          0085(0001eab9:.textf)
                                          0085(0001eabf:.textf)
                                          0085(0001eacb:.textf)
                                          0085(0001eae3:.textf)
                                          0085(0001eaee:.textf)
                                          0085(0001eb16:.textf)
                                          0085(0001eb1a:.textf)
                                          0085(0001eb21:.textf)
                                          0085(0001eb24:.textf)
                                          0085(0001ebe3:.textf)
                                          0085(0001ebef:.textf)
                                          0085(0001ec45:.textf)
                                          0085(0001ec51:.textf)
                                          0085(0001ec5a:.textf)
                                          0085(0001ecaf:.textf)
                                          0085(0001ecf7:.textf)
                                          0085(0001ed11:.textf)
                                          0085(0001ed33:.textf)
                                          0085(0001ed86:.textf)
                 _FRMR_Response
                                 000ff2f4 0085(0001e953:.textf)
                                          0085(0001e956:.textf)
                                          0085(0001e998:.textf)
                                          0085(0001e99b:.textf)
                                          0111(0001f66f:.textf)
0086 Datalink_Timeout
     SECTION=.textf
                 _DataLinkTimeoutInit
                                 0001ed97 0085(0001e737:.textf)
                 _DataLinkTimeoutCount
                                 0001edd7 0087(0001efa6:.textf)
                 _DataLinkTimeoutResponseSTART
                                 0001eec0
                 _DataLinkTimeoutResponseRESET
                                 0001eecf 0086(0001edca:.textf)
                 _DataLinkTimeoutResponseSTOP
                                 0001eed7 0086(0001edbb:.textf)
                 _DataLinkTimeoutInterFrameSTART
                                 0001eedd 0085(0001e765:.textf)
                 _DataLinkTimeoutInterFrameRESET
                                 0001eeec 0085(0001e74a:.textf)
                                          0085(0001e7d3:.textf)
                                          0086(0001edd5:.textf)
                                          0086(0001ee5e:.textf)
                                          0086(0001eea1:.textf)
                 _DataLinkTimeoutInterFrameSTOP
                                 0001eef4 0085(0001e7d9:.textf)
                                          0086(0001edc5:.textf)
                                          0086(0001ef2d:.textf)
                 _DataLinkTimeoutInactivitySTART
                                 0001eefa 0055(0001c3c9:.textf)
                                          0085(0001e7fe:.textf)
                                          0085(0001eba8:.textf)
                                          0085(0001ec19:.textf)
                 _DataLinkTimeoutInactivityRESET
                                 0001ef09 0055(0001c3c1:.textf)
                                          0085(0001e750:.textf)
                                          0085(0001e7f6:.textf)
                                          0086(0001edcf:.textf)
                                          0086(0001ee57:.textf)
                 _DataLinkTimeoutInactivitySTOP
                                 0001ef11 0085(0001e76b:.textf)
                                          0086(0001edc0:.textf)
                                          0086(0001ee65:.textf)
0087 Physical_Layer
     SECTION=.textf
                 _PhysicalInit
                                 0001ef4e 0060(0001dadc:.textf)
                 _PhysicalReset
                                 0001ef64 0060(0001d904:.textf)
                                          0087(0001ef60:.textf)
                 _PhysicalReceiveCallback
                                 0001ef79
                 _PhysicalSend
                                 0001ef7d 0085(0001ec02:.textf)
                                          0085(0001ec6d:.textf)
                                          0085(0001ed3f:.textf)
                 _PhysicalSendEndCallback
                                 0001efa1
                 _PhysicalTimeoutCount
                                 0001efa5
                 _PhysicalLayerChangeBaudRate
                                 0001efa9 0087(0001ef71:.textf)
                 _PhysicalLayerConfigProtocol
                                 0001efb8 0087(0001ef78:.textf)
0088 ActionService
     SECTION=.textf
                 _ResetActionAsyncService
                                 0001efda
                 _DecodeActionRequestNormal
                                 0001efdb 0056(0001c6ed:.textf)
                 _DecodeActionRequestNextPBlk
                                 0001f02d 0056(0001c6f4:.textf)
                 _DecodeActionRequestWithList
                                 0001f02e 0056(0001c6fb:.textf)
                 _DecodeActionRequestWithFirstBlk
                                 0001f02f 0056(0001c702:.textf)
                 _DecodeActionRequestListFirstBlk
                                 0001f030 0056(0001c709:.textf)
                 _DecodeActionRequestWithPBlk
                                 0001f031 0056(0001c710:.textf)
                 _DecodeActionRequestFail
                                 0001f032 0056(0001c6e6:.textf)
                 _EncodeActionResponseNormal
                                 0001f033 0056(0001c760:.textf)
                 _EncodeActionResponseWithPBlk
                                 0001f08e 0056(0001c74b:.textf)
                 _EncodeActionResponseNextPBlk
                                 0001f090 0056(0001c759:.textf)
                 _EncodeActionResponseWithList
                                 0001f092 0056(0001c752:.textf)
                 _EncodeActionResponseFail
                                 0001f094 0056(0001c744:.textf)
     SECTION=.bss
                 _Action_Req_Normal
                                 000ff2f8 0088(0001efdf:.textf)
                                          0088(0001efee:.textf)
                                          0088(0001f007:.textf)
                                          0088(0001f023:.textf)
                 _ActionResponseNormal
                                 000ff306 0088(0001f00a:.textf)
                                          0088(0001f028:.textf)
                                          0088(0001f047:.textf)
                                          0088(0001f053:.textf)
                 _Action_Data_Pointer
                                 000ff30a 0088(0001f03a:.textf)
                                          0088(0001f05a:.textf)
                                          0088(0001f075:.textf)
0089 EventService
     SECTION=.textf
                 _EncodeEventNotificationRequest
                                 0001f09d 0056(0001c7a2:.textf)
0090 errno
     SECTION=.dataR
                 _errno
                                 000fe2c4 0063(00006bf2:.SLIB)
                                          0064(00006d57:.SLIB)
                                          0066(00006dd2:.SLIB)
                                          0066(00006dda:.SLIB)
     SECTION=.data
0091 _REL_asincosfsub
     SECTION=.SLIB
                 __REL_poly_acosf
                                 00006f9e 0063(00006cf4:.SLIB)
                 __REL_poly_acosf_neg
                                 000070d4 0063(00006d2e:.SLIB)
     SECTION=.constf
                 ___asincosf_const_tbl
                                 0001f6da 0063(00006c06:.SLIB)
                                          0063(00006c09:.SLIB)
                                          0063(00006c0f:.SLIB)
                                          0063(00006c15:.SLIB)
                                          0063(00006c1b:.SLIB)
                 ___asinf_coeff
                                 0001f6e2 0063(00006c7c:.SLIB)
                                          0063(00006c7f:.SLIB)
0092 _REL_nanf_value
     SECTION=.SLIB
                 __REL_nanf_value
                                 00007101 0063(00006bf5:.SLIB)
0093 _COM_fgt
     SECTION=.RLIB
                 __COM_fgt
                                 000064ad 0063(00006c3f:.SLIB)
0094 _COM_fle
     SECTION=.RLIB
                 __COM_fle
                                 000064c3 0063(00006cd8:.SLIB)
0095 _COM_fne
     SECTION=.RLIB
                 __COM_fne
                                 000064d9 0063(00006bcc:.SLIB)
                                          0063(00006be2:.SLIB)
0096 _COM_funordered
     SECTION=.RLIB
                 __COM_funordered
                                 000064ea 0063(00006c2a:.SLIB)
                                          0063(00006cc8:.SLIB)
0097 _COM_lmul
     SECTION=.RLIB
                 __COM_lmul
                                 000064f5 0075(00006343:.RLIB)
                                          0075(00006358:.RLIB)
0098 _COM_mulul
     SECTION=.RLIB
                 __COM_mulul
                                 00006510 0075(0000633a:.RLIB)
0099 _COM_sirem
     SECTION=.RLIB
                 __COM_sirem
                                 0000656d 0060(0001db07:.textf)
0100 _REL_ftol
     SECTION=.RLIB
                 __REL_ftol
                                 0000658d 0073(00006317:.RLIB)
                                          0074(00006324:.RLIB)
0101 _REL_f_inf
     SECTION=.RLIB
                 __REL_f_inf
                                 000065c2 0070(000060b3:.RLIB)
                                          0071(00006144:.RLIB)
                                          0071(000061e4:.RLIB)
                                          0072(00006246:.RLIB)
                                          0072(000062e9:.RLIB)
0102 _REL_f_norm
     SECTION=.RLIB
                 __REL_f_norm
                                 000065ca 0071(00006125:.RLIB)
                                          0071(00006150:.RLIB)
                                          0072(00006267:.RLIB)
0103 _REL_f_round
     SECTION=.RLIB
                 __REL_f_round
                                 000065da 0070(000060c0:.RLIB)
                                          0070(000060f8:.RLIB)
                                          0071(00006226:.RLIB)
                                          0072(000062f6:.RLIB)
0104 _REL_lldiv
     SECTION=.RLIB
                 __REL_lldiv
                                 00006609 0079(0000644d:.RLIB)
                                          0081(00006498:.RLIB)
0105 _REL_llrev
     SECTION=.RLIB
                 __REL_llrev
                                 000067f4 0079(00006432:.RLIB)
                                          0079(00006442:.RLIB)
                                          0079(00006455:.RLIB)
0106 _REL_lltof
     SECTION=.RLIB
                 __REL_lltof
                                 00006814 0082(000064a4:.RLIB)
0107 _REL_ltof
     SECTION=.RLIB
                 __REL_ltof
                                 00006871 0080(0000646e:.RLIB)
                                          0083(000064aa:.RLIB)
0108 _REL_ltosl
     SECTION=.RLIB
                 __REL_ltosl
                                 000068bb 0073(0000631b:.RLIB)
0109 SNRM_UA
     SECTION=.textf
                 _DataLinkSNRMdecode
                                 0001f0d9 0085(0001ebc0:.textf)
                 _DataLinkUAencode
                                 0001f1ec 0085(0001ebe6:.textf)
                                          0085(0001ec48:.textf)
                 _DataLinkDMencode
                                 0001f30e 0085(0001ec54:.textf)
0110 IFRAME
     SECTION=.textf
                 _DataLinkSegmentClear
                                 0001f323 0085(0001e72a:.textf)
                                          0110(0001f406:.textf)
                 _DataLinkIFrameDecode
                                 0001f34d 0085(0001ec94:.textf)
                 _IFrameDataDecode
                                 0001f428 0110(0001f3eb:.textf)
                 _DataLinkIFrameEncode
                                 0001f4a1 0085(0001ecb2:.textf)
                 _IFrameDataEncode
                                 0001f579 0110(0001f4bb:.textf)
                 _DataLinkRRDecode
                                 0001f5d7 0085(0001ecdf:.textf)
                 _DataLinkRREncode
                                 0001f601 0085(0001ecfa:.textf)
0111 FRMR
     SECTION=.textf
                 _DataLinkFRMRencode
                                 0001f655 0085(0001ed14:.textf)
0112 fcs
     SECTION=.const
                 _fcstab
                                 000054d0 0112(0001f6ab:.textf)
                                          0112(0001f6b7:.textf)
     SECTION=.textf
                 _CalcFcs
                                 0001f681 0085(0001ed75:.textf)
                                          0085(0001ed8d:.textf)
     SECTION=.bss
                 _current
                                 000ff30c 0112(0001f68d:.textf)
                                          0112(0001f6c6:.textf)
                                          0112(0001f6d5:.textf)
                 _test
                                 000ff30e 0112(0001f686:.textf)
                 _test2
                                 000ff310 0112(0001f6a2:.textf)
                 _test3
                                 000ff312 0112(0001f6ae:.textf)
0113 _COM_feq
     SECTION=.RLIB
                 __COM_feq
                                 000068e0 0095(000064e2:.RLIB)
0114 _COM_mului
     SECTION=.RLIB
                 __COM_mului
                                 000068f6 0098(00006516:.RLIB)
                                          0098(00006525:.RLIB)
                                          0098(0000653b:.RLIB)
                                          0098(00006558:.RLIB)
0115 _REL_fcmp
     SECTION=.RLIB
                 __REL_fcmp
                                 000068fa 0093(000064b7:.RLIB)
                                          0094(000064cd:.RLIB)
                                          0113(000068ea:.RLIB)
0116 _REL_fordered_core
     SECTION=.RLIB
                 __REL_fordered_core
                                 00006932 0093(000064b0:.RLIB)
                                          0094(000064c6:.RLIB)
                                          0096(000064ed:.RLIB)
                                          0113(000068e3:.RLIB)
0117 _REL_setexp_ll
     SECTION=.RLIB
                 __REL_setexp_ll
                                 0000694e 0106(0000682a:.RLIB)
0118 rlink_generates_01
     SECTION=.option_byte
0119 rlink_generates_02
     SECTION=.monitor1
     SECTION=.monitor2
0120 rlink_generates_03
     SECTION=.security_id
0121 rlink_generates_04
     SECTION=.vect
0122 rlink_generates_05
     SECTION=
                 __s.vect
                                 00000000
                 __e.vect
                                 00000080
                 __s.option_byte
                                 000000c0
                 __e.option_byte
                                 000000c4
                 __s.security_id
                                 000000c4
                 __s.monitor1
                                 000000ce
                 __e.security_id
                                 000000ce
                 __e.monitor1
                                 000000d8
                 __sDEFAULT_SET_AT400
                                 00000400
                 __eDEFAULT_SET_AT400
                                 00000536
                 __sBOOT_VTABLE_AT1000
                                 00001000
                 __s.const
                                 00003000
                 __eBOOT_VTABLE_AT1000
                                 00003000
                 __s.text
                                 000056d0
                 __e.const
                                 000056d0
                 __e.text
                                 00005fa1
                 __s.RLIB
                                 00005fa1
                 __e.RLIB
                                 00006998
                 __s.SLIB
                                 00006998
                 __s.textf
                                 00007106
                 __e.SLIB
                                 00007106
                 __e.textf
                                 0001f6da
                 __s.constf
                                 0001f6da
                 __e.constf
                                 0001f71a
                 __s.data
                                 0001f71a
                 __e.data
                                 0001fae0
                 __s.sdata
                                 0001fae0
                 __e.sdata
                                 0001fae0
                 __s.monitor2
                                 0001fe00
                 __e.monitor2
                                 00020000
                 __s.dataR
                                 000fdf00
                 __RAM_ADDR_START
                                 000fdf00
                 __s.bss
                                 000fe2c6
                 __e.dataR
                                 000fe2c6
                 __e.bss
                                 000ff314
                 __STACK_ADDR_END
                                 000ff314 0002(000056d5:.text)
                 __s.sbss
                                 000ffe20
                 __e.sbss
                                 000ffe20
                 __s.sdataR
                                 000ffe20
                 __e.sdataR
                                 000ffe20
                 __STACK_ADDR_START
                                 000ffe20 0002(000056d2:.text)
                 __RAM_ADDR_END
                                 000ffee0
